[2026-09-27T03:27:21.462+0000] {local_task_job_runner.py:120} INFO - ::group::Pre task execution logs
[2026-09-27T03:27:21.489+0000] {taskinstance.py:2076} INFO - Dependencies all met for dep_context=non-requeueable deps ti=<TaskInstance: weather_pipeline_colombia.load_parquet manual__2026-09-27T03:27:11.524096+00:00 [queued]>
[2026-09-27T03:27:21.496+0000] {taskinstance.py:2076} INFO - Dependencies all met for dep_context=requeueable deps ti=<TaskInstance: weather_pipeline_colombia.load_parquet manual__2026-09-27T03:27:11.524096+00:00 [queued]>
[2026-09-27T03:27:21.497+0000] {taskinstance.py:2306} INFO - Starting attempt 1 of 3
[2026-09-27T03:27:21.507+0000] {taskinstance.py:2330} INFO - Executing <Task(_PythonDecoratedOperator): load_parquet> on 2026-09-27 03:27:11.524096+00:00
[2026-09-27T03:27:21.512+0000] {standard_task_runner.py:63} INFO - Started process 449 to run task
[2026-09-27T03:27:21.515+0000] {standard_task_runner.py:90} INFO - Running: ['***', 'tasks', 'run', 'weather_pipeline_colombia', 'load_parquet', 'manual__2026-09-27T03:27:11.524096+00:00', '--job-id', '5', '--raw', '--subdir', 'DAGS_FOLDER/weather_pipeline_dag.py', '--cfg-path', '/tmp/tmpj4ay7alb']
[2026-09-27T03:27:21.516+0000] {standard_task_runner.py:91} INFO - Job 5: Subtask load_parquet
[2026-09-27T03:27:21.567+0000] {task_command.py:426} INFO - Running <TaskInstance: weather_pipeline_colombia.load_parquet manual__2026-09-27T03:27:11.524096+00:00 [running]> on host c8bbdb5fab63
[2026-09-27T03:27:21.667+0000] {taskinstance.py:2648} INFO - Exporting env vars: AIRFLOW_CTX_DAG_OWNER='daniel.bohorquez' AIRFLOW_CTX_DAG_ID='weather_pipeline_colombia' AIRFLOW_CTX_TASK_ID='load_parquet' AIRFLOW_CTX_EXECUTION_DATE='2026-09-27T03:27:11.524096+00:00' AIRFLOW_CTX_TRY_NUMBER='1' AIRFLOW_CTX_DAG_RUN_ID='manual__2026-09-27T03:27:11.524096+00:00'
[2026-09-27T03:27:21.669+0000] {taskinstance.py:430} INFO - ::endgroup::
[2026-09-27T03:27:22.929+0000] {logging_mixin.py:188} INFO - 2026-09-27 03:27:22 | INFO     | src.loader.parquet_loader | ✅ Parquet guardado: data/processed/parquet | 1290 registros | 45 archivos de partición
[2026-09-27T03:27:22.929+0000] {parquet_loader.py:82} INFO - ✅ Parquet guardado: data/processed/parquet | 1290 registros | 45 archivos de partición
[2026-09-27T03:27:22.932+0000] {weather_pipeline_dag.py:134} INFO - load_parquet: datos guardados en data/processed/parquet
[2026-09-27T03:27:22.932+0000] {python.py:237} INFO - Done. Returned value was: data/processed/parquet
[2026-09-27T03:27:22.933+0000] {taskinstance.py:441} INFO - ::group::Post task execution logs
[2026-09-27T03:27:22.970+0000] {taskinstance.py:1206} INFO - Marking task as SUCCESS. dag_id=weather_pipeline_colombia, task_id=load_parquet, run_id=manual__2026-09-27T03:27:11.524096+00:00, execution_date=20260927T032711, start_date=20260927T032721, end_date=20260927T032722
[2026-09-27T03:27:23.016+0000] {local_task_job_runner.py:240} INFO - Task exited with return code 0
[2026-09-27T03:27:23.075+0000] {taskinstance.py:3498} INFO - 1 downstream tasks scheduled from follow-on schedule check
[2026-09-27T03:27:23.078+0000] {local_task_job_runner.py:222} INFO - ::endgroup::
