[2026-09-27T03:27:23.613+0000] {local_task_job_runner.py:120} INFO - ::group::Pre task execution logs
[2026-09-27T03:27:23.641+0000] {taskinstance.py:2076} INFO - Dependencies all met for dep_context=non-requeueable deps ti=<TaskInstance: weather_pipeline_colombia.generate_dashboard_dataset manual__2026-09-27T03:27:11.524096+00:00 [queued]>
[2026-09-27T03:27:23.648+0000] {taskinstance.py:2076} INFO - Dependencies all met for dep_context=requeueable deps ti=<TaskInstance: weather_pipeline_colombia.generate_dashboard_dataset manual__2026-09-27T03:27:11.524096+00:00 [queued]>
[2026-09-27T03:27:23.649+0000] {taskinstance.py:2306} INFO - Starting attempt 1 of 3
[2026-09-27T03:27:23.662+0000] {taskinstance.py:2330} INFO - Executing <Task(_PythonDecoratedOperator): generate_dashboard_dataset> on 2026-09-27 03:27:11.524096+00:00
[2026-09-27T03:27:23.666+0000] {standard_task_runner.py:63} INFO - Started process 471 to run task
[2026-09-27T03:27:23.670+0000] {standard_task_runner.py:90} INFO - Running: ['***', 'tasks', 'run', 'weather_pipeline_colombia', 'generate_dashboard_dataset', 'manual__2026-09-27T03:27:11.524096+00:00', '--job-id', '6', '--raw', '--subdir', 'DAGS_FOLDER/weather_pipeline_dag.py', '--cfg-path', '/tmp/tmpxqyebdrw']
[2026-09-27T03:27:23.671+0000] {standard_task_runner.py:91} INFO - Job 6: Subtask generate_dashboard_dataset
[2026-09-27T03:27:23.722+0000] {task_command.py:426} INFO - Running <TaskInstance: weather_pipeline_colombia.generate_dashboard_dataset manual__2026-09-27T03:27:11.524096+00:00 [running]> on host c8bbdb5fab63
[2026-09-27T03:27:23.820+0000] {taskinstance.py:2648} INFO - Exporting env vars: AIRFLOW_CTX_DAG_OWNER='daniel.bohorquez' AIRFLOW_CTX_DAG_ID='weather_pipeline_colombia' AIRFLOW_CTX_TASK_ID='generate_dashboard_dataset' AIRFLOW_CTX_EXECUTION_DATE='2026-09-27T03:27:11.524096+00:00' AIRFLOW_CTX_TRY_NUMBER='1' AIRFLOW_CTX_DAG_RUN_ID='manual__2026-09-27T03:27:11.524096+00:00'
[2026-09-27T03:27:23.821+0000] {taskinstance.py:430} INFO - ::endgroup::
[2026-09-27T03:27:24.208+0000] {logging_mixin.py:188} INFO - 2026-09-27 03:27:24 | INFO     | src.loader.parquet_loader | ✅ Dashboard dataset: 45 registros mensuales | weather_dashboard.parquet + weather_dashboard.csv
[2026-09-27T03:27:24.207+0000] {parquet_loader.py:138} INFO - ✅ Dashboard dataset: 45 registros mensuales | weather_dashboard.parquet + weather_dashboard.csv
[2026-09-27T03:27:24.212+0000] {logging_mixin.py:188} INFO - 2026-09-27 03:27:24 | INFO     | src.loader.parquet_loader | ✅ Reporte de calidad guardado: data/dashboard/quality_report.json
[2026-09-27T03:27:24.212+0000] {parquet_loader.py:152} INFO - ✅ Reporte de calidad guardado: data/dashboard/quality_report.json
[2026-09-27T03:27:24.564+0000] {logging_mixin.py:188} INFO - 2026-09-27 03:27:24 | INFO     | src.loader.parquet_loader | ✅ Verificación Parquet: 1290 registros leídos correctamente
[2026-09-27T03:27:24.564+0000] {parquet_loader.py:166} INFO - ✅ Verificación Parquet: 1290 registros leídos correctamente
[2026-09-27T03:27:24.566+0000] {logging_mixin.py:188} INFO - 2026-09-27 03:27:24 | INFO     | src.loader.parquet_loader |    Columnas: ['date', 'city_name', 'department', 'latitude', 'longitude', 'month_name', 'day_of_week', 'temp_max_c', 'temp_min_c', 'temp_mean_c', 'temp_range_c', 'precipitation_mm', 'rain_mm', 'precipitation_hours', 'windspeed_max_kmh', 'windgusts_max_kmh', 'evapotranspiration_mm', 'rain_day', 'heavy_rain', 'strong_wind', 'cold_day', 'hot_day', 'adverse_day', 'city_slug', 'year', 'month']
[2026-09-27T03:27:24.566+0000] {parquet_loader.py:167} INFO -    Columnas: ['date', 'city_name', 'department', 'latitude', 'longitude', 'month_name', 'day_of_week', 'temp_max_c', 'temp_min_c', 'temp_mean_c', 'temp_range_c', 'precipitation_mm', 'rain_mm', 'precipitation_hours', 'windspeed_max_kmh', 'windgusts_max_kmh', 'evapotranspiration_mm', 'rain_day', 'heavy_rain', 'strong_wind', 'cold_day', 'hot_day', 'adverse_day', 'city_slug', 'year', 'month']
[2026-09-27T03:27:24.568+0000] {logging_mixin.py:188} INFO - 2026-09-27 03:27:24 | INFO     | src.loader.parquet_loader |    Ciudades: ['Barranquilla', 'Bogotá', 'Cali', 'Medellín', 'Villavicencio']
[2026-09-27T03:27:24.568+0000] {parquet_loader.py:168} INFO -    Ciudades: ['Barranquilla', 'Bogotá', 'Cali', 'Medellín', 'Villavicencio']
[2026-09-27T03:27:24.577+0000] {weather_pipeline_dag.py:179} INFO - generate_dashboard_dataset: pipeline completado | {'dashboard_records': 45, 'parquet_records': 1290, 'cities': ['Barranquilla', 'Bogotá', 'Cali', 'Medellín', 'Villavicencio']}
[2026-09-27T03:27:24.578+0000] {python.py:237} INFO - Done. Returned value was: {'dashboard_records': 45, 'parquet_records': 1290, 'cities': ['Barranquilla', 'Bogotá', 'Cali', 'Medellín', 'Villavicencio']}
[2026-09-27T03:27:24.578+0000] {taskinstance.py:441} INFO - ::group::Post task execution logs
[2026-09-27T03:27:24.614+0000] {taskinstance.py:1206} INFO - Marking task as SUCCESS. dag_id=weather_pipeline_colombia, task_id=generate_dashboard_dataset, run_id=manual__2026-09-27T03:27:11.524096+00:00, execution_date=20260927T032711, start_date=20260927T032723, end_date=20260927T032724
[2026-09-27T03:27:24.647+0000] {local_task_job_runner.py:240} INFO - Task exited with return code 0
[2026-09-27T03:27:24.664+0000] {taskinstance.py:3498} INFO - 0 downstream tasks scheduled from follow-on schedule check
[2026-09-27T03:27:24.667+0000] {local_task_job_runner.py:222} INFO - ::endgroup::
