[2026-09-27T03:27:19.349+0000] {local_task_job_runner.py:120} INFO - ::group::Pre task execution logs
[2026-09-27T03:27:19.378+0000] {taskinstance.py:2076} INFO - Dependencies all met for dep_context=non-requeueable deps ti=<TaskInstance: weather_pipeline_colombia.transform_weather manual__2026-09-27T03:27:11.524096+00:00 [queued]>
[2026-09-27T03:27:19.388+0000] {taskinstance.py:2076} INFO - Dependencies all met for dep_context=requeueable deps ti=<TaskInstance: weather_pipeline_colombia.transform_weather manual__2026-09-27T03:27:11.524096+00:00 [queued]>
[2026-09-27T03:27:19.389+0000] {taskinstance.py:2306} INFO - Starting attempt 1 of 3
[2026-09-27T03:27:19.400+0000] {taskinstance.py:2330} INFO - Executing <Task(_PythonDecoratedOperator): transform_weather> on 2026-09-27 03:27:11.524096+00:00
[2026-09-27T03:27:19.407+0000] {standard_task_runner.py:63} INFO - Started process 446 to run task
[2026-09-27T03:27:19.410+0000] {standard_task_runner.py:90} INFO - Running: ['***', 'tasks', 'run', 'weather_pipeline_colombia', 'transform_weather', 'manual__2026-09-27T03:27:11.524096+00:00', '--job-id', '4', '--raw', '--subdir', 'DAGS_FOLDER/weather_pipeline_dag.py', '--cfg-path', '/tmp/tmpo7aivbei']
[2026-09-27T03:27:19.412+0000] {standard_task_runner.py:91} INFO - Job 4: Subtask transform_weather
[2026-09-27T03:27:19.475+0000] {task_command.py:426} INFO - Running <TaskInstance: weather_pipeline_colombia.transform_weather manual__2026-09-27T03:27:11.524096+00:00 [running]> on host c8bbdb5fab63
[2026-09-27T03:27:19.586+0000] {taskinstance.py:2648} INFO - Exporting env vars: AIRFLOW_CTX_DAG_OWNER='daniel.bohorquez' AIRFLOW_CTX_DAG_ID='weather_pipeline_colombia' AIRFLOW_CTX_TASK_ID='transform_weather' AIRFLOW_CTX_EXECUTION_DATE='2026-09-27T03:27:11.524096+00:00' AIRFLOW_CTX_TRY_NUMBER='1' AIRFLOW_CTX_DAG_RUN_ID='manual__2026-09-27T03:27:11.524096+00:00'
[2026-09-27T03:27:19.588+0000] {taskinstance.py:430} INFO - ::endgroup::
[2026-09-27T03:27:20.135+0000] {logging_mixin.py:188} INFO - 2026-09-27 03:27:20 | INFO     | src.transformer.weather_transformer | Transformando: barranquilla — barranquilla_20260927T032716Z.json
[2026-09-27T03:27:20.135+0000] {weather_transformer.py:190} INFO - Transformando: barranquilla — barranquilla_20260927T032716Z.json
[2026-09-27T03:27:20.163+0000] {logging_mixin.py:188} INFO - 2026-09-27 03:27:20 | INFO     | src.transformer.weather_transformer |   ✅ Calidad Barranquilla: 258/258 días | Faltantes: 0 | Duplicados: 0 | Nulls: ninguno
[2026-09-27T03:27:20.163+0000] {weather_transformer.py:128} INFO -   ✅ Calidad Barranquilla: 258/258 días | Faltantes: 0 | Duplicados: 0 | Nulls: ninguno
[2026-09-27T03:27:20.169+0000] {logging_mixin.py:188} INFO - 2026-09-27 03:27:20 | INFO     | src.transformer.weather_transformer |   ✅ barranquilla: 258 registros procesados, 27 columnas
[2026-09-27T03:27:20.169+0000] {weather_transformer.py:197} INFO -   ✅ barranquilla: 258 registros procesados, 27 columnas
[2026-09-27T03:27:20.171+0000] {logging_mixin.py:188} INFO - 2026-09-27 03:27:20 | INFO     | src.transformer.weather_transformer | Transformando: bogota — bogota_20260927T032714Z.json
[2026-09-27T03:27:20.171+0000] {weather_transformer.py:190} INFO - Transformando: bogota — bogota_20260927T032714Z.json
[2026-09-27T03:27:20.182+0000] {logging_mixin.py:188} INFO - 2026-09-27 03:27:20 | INFO     | src.transformer.weather_transformer |   ✅ Calidad Bogotá: 258/258 días | Faltantes: 0 | Duplicados: 0 | Nulls: ninguno
[2026-09-27T03:27:20.182+0000] {weather_transformer.py:128} INFO -   ✅ Calidad Bogotá: 258/258 días | Faltantes: 0 | Duplicados: 0 | Nulls: ninguno
[2026-09-27T03:27:20.186+0000] {logging_mixin.py:188} INFO - 2026-09-27 03:27:20 | INFO     | src.transformer.weather_transformer |   ✅ bogota: 258 registros procesados, 27 columnas
[2026-09-27T03:27:20.186+0000] {weather_transformer.py:197} INFO -   ✅ bogota: 258 registros procesados, 27 columnas
[2026-09-27T03:27:20.188+0000] {logging_mixin.py:188} INFO - 2026-09-27 03:27:20 | INFO     | src.transformer.weather_transformer | Transformando: cali — cali_20260927T032717Z.json
[2026-09-27T03:27:20.188+0000] {weather_transformer.py:190} INFO - Transformando: cali — cali_20260927T032717Z.json
[2026-09-27T03:27:20.199+0000] {logging_mixin.py:188} INFO - 2026-09-27 03:27:20 | INFO     | src.transformer.weather_transformer |   ✅ Calidad Cali: 258/258 días | Faltantes: 0 | Duplicados: 0 | Nulls: ninguno
[2026-09-27T03:27:20.199+0000] {weather_transformer.py:128} INFO -   ✅ Calidad Cali: 258/258 días | Faltantes: 0 | Duplicados: 0 | Nulls: ninguno
[2026-09-27T03:27:20.203+0000] {logging_mixin.py:188} INFO - 2026-09-27 03:27:20 | INFO     | src.transformer.weather_transformer |   ✅ cali: 258 registros procesados, 27 columnas
[2026-09-27T03:27:20.203+0000] {weather_transformer.py:197} INFO -   ✅ cali: 258 registros procesados, 27 columnas
[2026-09-27T03:27:20.205+0000] {logging_mixin.py:188} INFO - 2026-09-27 03:27:20 | INFO     | src.transformer.weather_transformer | Transformando: medellin — medellin_20260927T032715Z.json
[2026-09-27T03:27:20.205+0000] {weather_transformer.py:190} INFO - Transformando: medellin — medellin_20260927T032715Z.json
[2026-09-27T03:27:20.217+0000] {logging_mixin.py:188} INFO - 2026-09-27 03:27:20 | INFO     | src.transformer.weather_transformer |   ✅ Calidad Medellín: 258/258 días | Faltantes: 0 | Duplicados: 0 | Nulls: ninguno
[2026-09-27T03:27:20.217+0000] {weather_transformer.py:128} INFO -   ✅ Calidad Medellín: 258/258 días | Faltantes: 0 | Duplicados: 0 | Nulls: ninguno
[2026-09-27T03:27:20.223+0000] {logging_mixin.py:188} INFO - 2026-09-27 03:27:20 | INFO     | src.transformer.weather_transformer |   ✅ medellin: 258 registros procesados, 27 columnas
[2026-09-27T03:27:20.223+0000] {weather_transformer.py:197} INFO -   ✅ medellin: 258 registros procesados, 27 columnas
[2026-09-27T03:27:20.225+0000] {logging_mixin.py:188} INFO - 2026-09-27 03:27:20 | INFO     | src.transformer.weather_transformer | Transformando: villavicencio — villavicencio_20260927T032717Z.json
[2026-09-27T03:27:20.225+0000] {weather_transformer.py:190} INFO - Transformando: villavicencio — villavicencio_20260927T032717Z.json
[2026-09-27T03:27:20.239+0000] {logging_mixin.py:188} INFO - 2026-09-27 03:27:20 | INFO     | src.transformer.weather_transformer |   ✅ Calidad Villavicencio: 258/258 días | Faltantes: 0 | Duplicados: 0 | Nulls: ninguno
[2026-09-27T03:27:20.239+0000] {weather_transformer.py:128} INFO -   ✅ Calidad Villavicencio: 258/258 días | Faltantes: 0 | Duplicados: 0 | Nulls: ninguno
[2026-09-27T03:27:20.243+0000] {logging_mixin.py:188} INFO - 2026-09-27 03:27:20 | INFO     | src.transformer.weather_transformer |   ✅ villavicencio: 258 registros procesados, 27 columnas
[2026-09-27T03:27:20.243+0000] {weather_transformer.py:197} INFO -   ✅ villavicencio: 258 registros procesados, 27 columnas
[2026-09-27T03:27:20.247+0000] {logging_mixin.py:188} INFO - 2026-09-27 03:27:20 | INFO     | src.transformer.weather_transformer | Transformación completada: 1290 registros totales de 5 ciudades
[2026-09-27T03:27:20.247+0000] {weather_transformer.py:241} INFO - Transformación completada: 1290 registros totales de 5 ciudades
[2026-09-27T03:27:20.370+0000] {weather_pipeline_dag.py:110} INFO - transform_weather: 1290 registros | 5 ciudades
[2026-09-27T03:27:20.371+0000] {python.py:237} INFO - Done. Returned value was: data/dashboard/_tmp_transformed.parquet
[2026-09-27T03:27:20.371+0000] {taskinstance.py:441} INFO - ::group::Post task execution logs
[2026-09-27T03:27:20.398+0000] {taskinstance.py:1206} INFO - Marking task as SUCCESS. dag_id=weather_pipeline_colombia, task_id=transform_weather, run_id=manual__2026-09-27T03:27:11.524096+00:00, execution_date=20260927T032711, start_date=20260927T032719, end_date=20260927T032720
[2026-09-27T03:27:20.428+0000] {local_task_job_runner.py:240} INFO - Task exited with return code 0
[2026-09-27T03:27:20.456+0000] {taskinstance.py:3498} INFO - 1 downstream tasks scheduled from follow-on schedule check
[2026-09-27T03:27:20.459+0000] {local_task_job_runner.py:222} INFO - ::endgroup::
