[2026-09-27T03:15:23.788+0000] {processor.py:161} INFO - Started process (PID=176) to work on /opt/airflow/dags/weather_pipeline_dag.py
[2026-09-27T03:15:23.792+0000] {processor.py:830} INFO - Processing file /opt/airflow/dags/weather_pipeline_dag.py for tasks to queue
[2026-09-27T03:15:23.799+0000] {logging_mixin.py:188} INFO - [2026-09-27T03:15:23.798+0000] {dagbag.py:545} INFO - Filling up the DagBag from /opt/airflow/dags/weather_pipeline_dag.py
[2026-09-27T03:15:24.229+0000] {processor.py:840} INFO - DAG(s) 'weather_pipeline_colombia' retrieved from /opt/airflow/dags/weather_pipeline_dag.py
[2026-09-27T03:15:24.688+0000] {logging_mixin.py:188} INFO - [2026-09-27T03:15:24.686+0000] {override.py:1829} INFO - Created Permission View: can read on DAG:weather_pipeline_colombia
[2026-09-27T03:15:24.706+0000] {logging_mixin.py:188} INFO - [2026-09-27T03:15:24.705+0000] {override.py:1829} INFO - Created Permission View: can delete on DAG:weather_pipeline_colombia
[2026-09-27T03:15:24.718+0000] {logging_mixin.py:188} INFO - [2026-09-27T03:15:24.718+0000] {override.py:1829} INFO - Created Permission View: can edit on DAG:weather_pipeline_colombia
[2026-09-27T03:15:24.719+0000] {logging_mixin.py:188} INFO - [2026-09-27T03:15:24.719+0000] {dag.py:3096} INFO - Sync 1 DAGs
[2026-09-27T03:15:24.738+0000] {logging_mixin.py:188} INFO - [2026-09-27T03:15:24.737+0000] {dag.py:3118} INFO - Creating ORM DAG for weather_pipeline_colombia
[2026-09-27T03:15:24.739+0000] {logging_mixin.py:188} INFO - [2026-09-27T03:15:24.739+0000] {dag.py:3954} INFO - Setting next_dagrun for weather_pipeline_colombia to None, run_after=None
[2026-09-27T03:15:24.774+0000] {processor.py:183} INFO - Processing /opt/airflow/dags/weather_pipeline_dag.py took 1.001 seconds
[2026-09-27T03:15:55.057+0000] {processor.py:161} INFO - Started process (PID=194) to work on /opt/airflow/dags/weather_pipeline_dag.py
[2026-09-27T03:15:55.065+0000] {processor.py:830} INFO - Processing file /opt/airflow/dags/weather_pipeline_dag.py for tasks to queue
[2026-09-27T03:15:55.067+0000] {logging_mixin.py:188} INFO - [2026-09-27T03:15:55.067+0000] {dagbag.py:545} INFO - Filling up the DagBag from /opt/airflow/dags/weather_pipeline_dag.py
[2026-09-27T03:15:55.093+0000] {processor.py:840} INFO - DAG(s) 'weather_pipeline_colombia' retrieved from /opt/airflow/dags/weather_pipeline_dag.py
[2026-09-27T03:15:55.126+0000] {logging_mixin.py:188} INFO - [2026-09-27T03:15:55.125+0000] {dag.py:3096} INFO - Sync 1 DAGs
[2026-09-27T03:15:55.143+0000] {logging_mixin.py:188} INFO - [2026-09-27T03:15:55.142+0000] {dag.py:3954} INFO - Setting next_dagrun for weather_pipeline_colombia to None, run_after=None
[2026-09-27T03:15:55.165+0000] {processor.py:183} INFO - Processing /opt/airflow/dags/weather_pipeline_dag.py took 0.115 seconds
[2026-09-27T03:16:25.277+0000] {processor.py:161} INFO - Started process (PID=205) to work on /opt/airflow/dags/weather_pipeline_dag.py
[2026-09-27T03:16:25.278+0000] {processor.py:830} INFO - Processing file /opt/airflow/dags/weather_pipeline_dag.py for tasks to queue
[2026-09-27T03:16:25.281+0000] {logging_mixin.py:188} INFO - [2026-09-27T03:16:25.280+0000] {dagbag.py:545} INFO - Filling up the DagBag from /opt/airflow/dags/weather_pipeline_dag.py
[2026-09-27T03:16:25.299+0000] {processor.py:840} INFO - DAG(s) 'weather_pipeline_colombia' retrieved from /opt/airflow/dags/weather_pipeline_dag.py
[2026-09-27T03:16:25.342+0000] {logging_mixin.py:188} INFO - [2026-09-27T03:16:25.342+0000] {dag.py:3096} INFO - Sync 1 DAGs
[2026-09-27T03:16:25.360+0000] {logging_mixin.py:188} INFO - [2026-09-27T03:16:25.360+0000] {dag.py:3954} INFO - Setting next_dagrun for weather_pipeline_colombia to None, run_after=None
[2026-09-27T03:16:25.382+0000] {processor.py:183} INFO - Processing /opt/airflow/dags/weather_pipeline_dag.py took 0.113 seconds
[2026-09-27T03:16:55.586+0000] {processor.py:161} INFO - Started process (PID=216) to work on /opt/airflow/dags/weather_pipeline_dag.py
[2026-09-27T03:16:55.587+0000] {processor.py:830} INFO - Processing file /opt/airflow/dags/weather_pipeline_dag.py for tasks to queue
[2026-09-27T03:16:55.589+0000] {logging_mixin.py:188} INFO - [2026-09-27T03:16:55.589+0000] {dagbag.py:545} INFO - Filling up the DagBag from /opt/airflow/dags/weather_pipeline_dag.py
[2026-09-27T03:16:55.607+0000] {processor.py:840} INFO - DAG(s) 'weather_pipeline_colombia' retrieved from /opt/airflow/dags/weather_pipeline_dag.py
[2026-09-27T03:16:55.644+0000] {logging_mixin.py:188} INFO - [2026-09-27T03:16:55.644+0000] {dag.py:3096} INFO - Sync 1 DAGs
[2026-09-27T03:16:55.656+0000] {logging_mixin.py:188} INFO - [2026-09-27T03:16:55.656+0000] {dag.py:3954} INFO - Setting next_dagrun for weather_pipeline_colombia to None, run_after=None
[2026-09-27T03:16:55.674+0000] {processor.py:183} INFO - Processing /opt/airflow/dags/weather_pipeline_dag.py took 0.093 seconds
[2026-09-27T03:17:25.792+0000] {processor.py:161} INFO - Started process (PID=227) to work on /opt/airflow/dags/weather_pipeline_dag.py
[2026-09-27T03:17:25.793+0000] {processor.py:830} INFO - Processing file /opt/airflow/dags/weather_pipeline_dag.py for tasks to queue
[2026-09-27T03:17:25.796+0000] {logging_mixin.py:188} INFO - [2026-09-27T03:17:25.796+0000] {dagbag.py:545} INFO - Filling up the DagBag from /opt/airflow/dags/weather_pipeline_dag.py
[2026-09-27T03:17:25.814+0000] {processor.py:840} INFO - DAG(s) 'weather_pipeline_colombia' retrieved from /opt/airflow/dags/weather_pipeline_dag.py
[2026-09-27T03:17:25.843+0000] {logging_mixin.py:188} INFO - [2026-09-27T03:17:25.843+0000] {dag.py:3096} INFO - Sync 1 DAGs
[2026-09-27T03:17:25.855+0000] {logging_mixin.py:188} INFO - [2026-09-27T03:17:25.855+0000] {dag.py:3954} INFO - Setting next_dagrun for weather_pipeline_colombia to None, run_after=None
[2026-09-27T03:17:25.872+0000] {processor.py:183} INFO - Processing /opt/airflow/dags/weather_pipeline_dag.py took 0.088 seconds
[2026-09-27T03:17:56.129+0000] {processor.py:161} INFO - Started process (PID=238) to work on /opt/airflow/dags/weather_pipeline_dag.py
[2026-09-27T03:17:56.131+0000] {processor.py:830} INFO - Processing file /opt/airflow/dags/weather_pipeline_dag.py for tasks to queue
[2026-09-27T03:17:56.134+0000] {logging_mixin.py:188} INFO - [2026-09-27T03:17:56.133+0000] {dagbag.py:545} INFO - Filling up the DagBag from /opt/airflow/dags/weather_pipeline_dag.py
[2026-09-27T03:17:56.159+0000] {processor.py:840} INFO - DAG(s) 'weather_pipeline_colombia' retrieved from /opt/airflow/dags/weather_pipeline_dag.py
[2026-09-27T03:17:56.206+0000] {logging_mixin.py:188} INFO - [2026-09-27T03:17:56.206+0000] {dag.py:3096} INFO - Sync 1 DAGs
[2026-09-27T03:17:56.224+0000] {logging_mixin.py:188} INFO - [2026-09-27T03:17:56.224+0000] {dag.py:3954} INFO - Setting next_dagrun for weather_pipeline_colombia to None, run_after=None
[2026-09-27T03:17:56.252+0000] {processor.py:183} INFO - Processing /opt/airflow/dags/weather_pipeline_dag.py took 0.134 seconds
[2026-09-27T03:18:26.327+0000] {processor.py:161} INFO - Started process (PID=249) to work on /opt/airflow/dags/weather_pipeline_dag.py
[2026-09-27T03:18:26.329+0000] {processor.py:830} INFO - Processing file /opt/airflow/dags/weather_pipeline_dag.py for tasks to queue
[2026-09-27T03:18:26.333+0000] {logging_mixin.py:188} INFO - [2026-09-27T03:18:26.333+0000] {dagbag.py:545} INFO - Filling up the DagBag from /opt/airflow/dags/weather_pipeline_dag.py
[2026-09-27T03:18:26.361+0000] {processor.py:840} INFO - DAG(s) 'weather_pipeline_colombia' retrieved from /opt/airflow/dags/weather_pipeline_dag.py
[2026-09-27T03:18:26.417+0000] {logging_mixin.py:188} INFO - [2026-09-27T03:18:26.417+0000] {dag.py:3096} INFO - Sync 1 DAGs
[2026-09-27T03:18:26.439+0000] {logging_mixin.py:188} INFO - [2026-09-27T03:18:26.439+0000] {dag.py:3954} INFO - Setting next_dagrun for weather_pipeline_colombia to None, run_after=None
[2026-09-27T03:18:26.475+0000] {processor.py:183} INFO - Processing /opt/airflow/dags/weather_pipeline_dag.py took 0.157 seconds
[2026-09-27T03:18:56.633+0000] {processor.py:161} INFO - Started process (PID=254) to work on /opt/airflow/dags/weather_pipeline_dag.py
[2026-09-27T03:18:56.634+0000] {processor.py:830} INFO - Processing file /opt/airflow/dags/weather_pipeline_dag.py for tasks to queue
[2026-09-27T03:18:56.636+0000] {logging_mixin.py:188} INFO - [2026-09-27T03:18:56.636+0000] {dagbag.py:545} INFO - Filling up the DagBag from /opt/airflow/dags/weather_pipeline_dag.py
[2026-09-27T03:18:56.653+0000] {processor.py:840} INFO - DAG(s) 'weather_pipeline_colombia' retrieved from /opt/airflow/dags/weather_pipeline_dag.py
[2026-09-27T03:18:56.690+0000] {logging_mixin.py:188} INFO - [2026-09-27T03:18:56.690+0000] {dag.py:3096} INFO - Sync 1 DAGs
[2026-09-27T03:18:56.707+0000] {logging_mixin.py:188} INFO - [2026-09-27T03:18:56.707+0000] {dag.py:3954} INFO - Setting next_dagrun for weather_pipeline_colombia to None, run_after=None
[2026-09-27T03:18:56.726+0000] {processor.py:183} INFO - Processing /opt/airflow/dags/weather_pipeline_dag.py took 0.101 seconds
[2026-09-27T03:19:26.893+0000] {processor.py:161} INFO - Started process (PID=265) to work on /opt/airflow/dags/weather_pipeline_dag.py
[2026-09-27T03:19:26.894+0000] {processor.py:830} INFO - Processing file /opt/airflow/dags/weather_pipeline_dag.py for tasks to queue
[2026-09-27T03:19:26.896+0000] {logging_mixin.py:188} INFO - [2026-09-27T03:19:26.895+0000] {dagbag.py:545} INFO - Filling up the DagBag from /opt/airflow/dags/weather_pipeline_dag.py
[2026-09-27T03:19:26.911+0000] {processor.py:840} INFO - DAG(s) 'weather_pipeline_colombia' retrieved from /opt/airflow/dags/weather_pipeline_dag.py
[2026-09-27T03:19:26.937+0000] {logging_mixin.py:188} INFO - [2026-09-27T03:19:26.937+0000] {dag.py:3096} INFO - Sync 1 DAGs
[2026-09-27T03:19:26.948+0000] {logging_mixin.py:188} INFO - [2026-09-27T03:19:26.948+0000] {dag.py:3954} INFO - Setting next_dagrun for weather_pipeline_colombia to None, run_after=None
[2026-09-27T03:19:26.967+0000] {processor.py:183} INFO - Processing /opt/airflow/dags/weather_pipeline_dag.py took 0.080 seconds
[2026-09-27T03:19:57.127+0000] {processor.py:161} INFO - Started process (PID=276) to work on /opt/airflow/dags/weather_pipeline_dag.py
[2026-09-27T03:19:57.128+0000] {processor.py:830} INFO - Processing file /opt/airflow/dags/weather_pipeline_dag.py for tasks to queue
[2026-09-27T03:19:57.130+0000] {logging_mixin.py:188} INFO - [2026-09-27T03:19:57.129+0000] {dagbag.py:545} INFO - Filling up the DagBag from /opt/airflow/dags/weather_pipeline_dag.py
[2026-09-27T03:19:57.145+0000] {processor.py:840} INFO - DAG(s) 'weather_pipeline_colombia' retrieved from /opt/airflow/dags/weather_pipeline_dag.py
[2026-09-27T03:19:57.172+0000] {logging_mixin.py:188} INFO - [2026-09-27T03:19:57.171+0000] {dag.py:3096} INFO - Sync 1 DAGs
[2026-09-27T03:19:57.183+0000] {logging_mixin.py:188} INFO - [2026-09-27T03:19:57.183+0000] {dag.py:3954} INFO - Setting next_dagrun for weather_pipeline_colombia to None, run_after=None
[2026-09-27T03:19:57.201+0000] {processor.py:183} INFO - Processing /opt/airflow/dags/weather_pipeline_dag.py took 0.080 seconds
[2026-09-27T03:20:27.404+0000] {processor.py:161} INFO - Started process (PID=287) to work on /opt/airflow/dags/weather_pipeline_dag.py
[2026-09-27T03:20:27.405+0000] {processor.py:830} INFO - Processing file /opt/airflow/dags/weather_pipeline_dag.py for tasks to queue
[2026-09-27T03:20:27.406+0000] {logging_mixin.py:188} INFO - [2026-09-27T03:20:27.406+0000] {dagbag.py:545} INFO - Filling up the DagBag from /opt/airflow/dags/weather_pipeline_dag.py
[2026-09-27T03:20:27.423+0000] {processor.py:840} INFO - DAG(s) 'weather_pipeline_colombia' retrieved from /opt/airflow/dags/weather_pipeline_dag.py
[2026-09-27T03:20:27.453+0000] {logging_mixin.py:188} INFO - [2026-09-27T03:20:27.453+0000] {dag.py:3096} INFO - Sync 1 DAGs
[2026-09-27T03:20:27.465+0000] {logging_mixin.py:188} INFO - [2026-09-27T03:20:27.465+0000] {dag.py:3954} INFO - Setting next_dagrun for weather_pipeline_colombia to None, run_after=None
[2026-09-27T03:20:27.484+0000] {processor.py:183} INFO - Processing /opt/airflow/dags/weather_pipeline_dag.py took 0.085 seconds
[2026-09-27T03:20:57.632+0000] {processor.py:161} INFO - Started process (PID=298) to work on /opt/airflow/dags/weather_pipeline_dag.py
[2026-09-27T03:20:57.634+0000] {processor.py:830} INFO - Processing file /opt/airflow/dags/weather_pipeline_dag.py for tasks to queue
[2026-09-27T03:20:57.636+0000] {logging_mixin.py:188} INFO - [2026-09-27T03:20:57.636+0000] {dagbag.py:545} INFO - Filling up the DagBag from /opt/airflow/dags/weather_pipeline_dag.py
[2026-09-27T03:20:57.653+0000] {processor.py:840} INFO - DAG(s) 'weather_pipeline_colombia' retrieved from /opt/airflow/dags/weather_pipeline_dag.py
[2026-09-27T03:20:57.680+0000] {logging_mixin.py:188} INFO - [2026-09-27T03:20:57.680+0000] {dag.py:3096} INFO - Sync 1 DAGs
[2026-09-27T03:20:57.693+0000] {logging_mixin.py:188} INFO - [2026-09-27T03:20:57.693+0000] {dag.py:3954} INFO - Setting next_dagrun for weather_pipeline_colombia to None, run_after=None
[2026-09-27T03:20:57.712+0000] {processor.py:183} INFO - Processing /opt/airflow/dags/weather_pipeline_dag.py took 0.087 seconds
[2026-09-27T03:21:27.923+0000] {processor.py:161} INFO - Started process (PID=309) to work on /opt/airflow/dags/weather_pipeline_dag.py
[2026-09-27T03:21:27.923+0000] {processor.py:830} INFO - Processing file /opt/airflow/dags/weather_pipeline_dag.py for tasks to queue
[2026-09-27T03:21:27.925+0000] {logging_mixin.py:188} INFO - [2026-09-27T03:21:27.925+0000] {dagbag.py:545} INFO - Filling up the DagBag from /opt/airflow/dags/weather_pipeline_dag.py
[2026-09-27T03:21:27.943+0000] {processor.py:840} INFO - DAG(s) 'weather_pipeline_colombia' retrieved from /opt/airflow/dags/weather_pipeline_dag.py
[2026-09-27T03:21:27.973+0000] {logging_mixin.py:188} INFO - [2026-09-27T03:21:27.973+0000] {dag.py:3096} INFO - Sync 1 DAGs
[2026-09-27T03:21:27.985+0000] {logging_mixin.py:188} INFO - [2026-09-27T03:21:27.985+0000] {dag.py:3954} INFO - Setting next_dagrun for weather_pipeline_colombia to None, run_after=None
[2026-09-27T03:21:28.003+0000] {processor.py:183} INFO - Processing /opt/airflow/dags/weather_pipeline_dag.py took 0.084 seconds
[2026-09-27T03:21:58.136+0000] {processor.py:161} INFO - Started process (PID=320) to work on /opt/airflow/dags/weather_pipeline_dag.py
[2026-09-27T03:21:58.137+0000] {processor.py:830} INFO - Processing file /opt/airflow/dags/weather_pipeline_dag.py for tasks to queue
[2026-09-27T03:21:58.139+0000] {logging_mixin.py:188} INFO - [2026-09-27T03:21:58.138+0000] {dagbag.py:545} INFO - Filling up the DagBag from /opt/airflow/dags/weather_pipeline_dag.py
[2026-09-27T03:21:58.154+0000] {processor.py:840} INFO - DAG(s) 'weather_pipeline_colombia' retrieved from /opt/airflow/dags/weather_pipeline_dag.py
[2026-09-27T03:21:58.180+0000] {logging_mixin.py:188} INFO - [2026-09-27T03:21:58.180+0000] {dag.py:3096} INFO - Sync 1 DAGs
[2026-09-27T03:21:58.191+0000] {logging_mixin.py:188} INFO - [2026-09-27T03:21:58.191+0000] {dag.py:3954} INFO - Setting next_dagrun for weather_pipeline_colombia to None, run_after=None
[2026-09-27T03:21:58.210+0000] {processor.py:183} INFO - Processing /opt/airflow/dags/weather_pipeline_dag.py took 0.080 seconds
[2026-09-27T03:22:28.449+0000] {processor.py:161} INFO - Started process (PID=331) to work on /opt/airflow/dags/weather_pipeline_dag.py
[2026-09-27T03:22:28.450+0000] {processor.py:830} INFO - Processing file /opt/airflow/dags/weather_pipeline_dag.py for tasks to queue
[2026-09-27T03:22:28.453+0000] {logging_mixin.py:188} INFO - [2026-09-27T03:22:28.453+0000] {dagbag.py:545} INFO - Filling up the DagBag from /opt/airflow/dags/weather_pipeline_dag.py
[2026-09-27T03:22:28.475+0000] {processor.py:840} INFO - DAG(s) 'weather_pipeline_colombia' retrieved from /opt/airflow/dags/weather_pipeline_dag.py
[2026-09-27T03:22:28.519+0000] {logging_mixin.py:188} INFO - [2026-09-27T03:22:28.519+0000] {dag.py:3096} INFO - Sync 1 DAGs
[2026-09-27T03:22:28.533+0000] {logging_mixin.py:188} INFO - [2026-09-27T03:22:28.533+0000] {dag.py:3954} INFO - Setting next_dagrun for weather_pipeline_colombia to None, run_after=None
[2026-09-27T03:22:28.554+0000] {processor.py:183} INFO - Processing /opt/airflow/dags/weather_pipeline_dag.py took 0.113 seconds
[2026-09-27T03:22:58.668+0000] {processor.py:161} INFO - Started process (PID=342) to work on /opt/airflow/dags/weather_pipeline_dag.py
[2026-09-27T03:22:58.669+0000] {processor.py:830} INFO - Processing file /opt/airflow/dags/weather_pipeline_dag.py for tasks to queue
[2026-09-27T03:22:58.671+0000] {logging_mixin.py:188} INFO - [2026-09-27T03:22:58.671+0000] {dagbag.py:545} INFO - Filling up the DagBag from /opt/airflow/dags/weather_pipeline_dag.py
[2026-09-27T03:22:58.686+0000] {processor.py:840} INFO - DAG(s) 'weather_pipeline_colombia' retrieved from /opt/airflow/dags/weather_pipeline_dag.py
[2026-09-27T03:22:58.752+0000] {logging_mixin.py:188} INFO - [2026-09-27T03:22:58.752+0000] {dag.py:3096} INFO - Sync 1 DAGs
[2026-09-27T03:22:58.765+0000] {logging_mixin.py:188} INFO - [2026-09-27T03:22:58.764+0000] {dag.py:3954} INFO - Setting next_dagrun for weather_pipeline_colombia to None, run_after=None
[2026-09-27T03:22:58.781+0000] {processor.py:183} INFO - Processing /opt/airflow/dags/weather_pipeline_dag.py took 0.118 seconds
[2026-09-27T03:23:28.958+0000] {processor.py:161} INFO - Started process (PID=353) to work on /opt/airflow/dags/weather_pipeline_dag.py
[2026-09-27T03:23:28.959+0000] {processor.py:830} INFO - Processing file /opt/airflow/dags/weather_pipeline_dag.py for tasks to queue
[2026-09-27T03:23:28.962+0000] {logging_mixin.py:188} INFO - [2026-09-27T03:23:28.962+0000] {dagbag.py:545} INFO - Filling up the DagBag from /opt/airflow/dags/weather_pipeline_dag.py
[2026-09-27T03:23:28.977+0000] {processor.py:840} INFO - DAG(s) 'weather_pipeline_colombia' retrieved from /opt/airflow/dags/weather_pipeline_dag.py
[2026-09-27T03:23:29.008+0000] {logging_mixin.py:188} INFO - [2026-09-27T03:23:29.008+0000] {dag.py:3096} INFO - Sync 1 DAGs
[2026-09-27T03:23:29.021+0000] {logging_mixin.py:188} INFO - [2026-09-27T03:23:29.021+0000] {dag.py:3954} INFO - Setting next_dagrun for weather_pipeline_colombia to None, run_after=None
[2026-09-27T03:23:29.045+0000] {processor.py:183} INFO - Processing /opt/airflow/dags/weather_pipeline_dag.py took 0.092 seconds
[2026-09-27T03:23:59.242+0000] {processor.py:161} INFO - Started process (PID=364) to work on /opt/airflow/dags/weather_pipeline_dag.py
[2026-09-27T03:23:59.243+0000] {processor.py:830} INFO - Processing file /opt/airflow/dags/weather_pipeline_dag.py for tasks to queue
[2026-09-27T03:23:59.246+0000] {logging_mixin.py:188} INFO - [2026-09-27T03:23:59.245+0000] {dagbag.py:545} INFO - Filling up the DagBag from /opt/airflow/dags/weather_pipeline_dag.py
[2026-09-27T03:23:59.264+0000] {processor.py:840} INFO - DAG(s) 'weather_pipeline_colombia' retrieved from /opt/airflow/dags/weather_pipeline_dag.py
[2026-09-27T03:23:59.293+0000] {logging_mixin.py:188} INFO - [2026-09-27T03:23:59.293+0000] {dag.py:3096} INFO - Sync 1 DAGs
[2026-09-27T03:23:59.305+0000] {logging_mixin.py:188} INFO - [2026-09-27T03:23:59.305+0000] {dag.py:3954} INFO - Setting next_dagrun for weather_pipeline_colombia to None, run_after=None
[2026-09-27T03:23:59.328+0000] {processor.py:183} INFO - Processing /opt/airflow/dags/weather_pipeline_dag.py took 0.093 seconds
[2026-09-27T03:24:29.482+0000] {processor.py:161} INFO - Started process (PID=375) to work on /opt/airflow/dags/weather_pipeline_dag.py
[2026-09-27T03:24:29.483+0000] {processor.py:830} INFO - Processing file /opt/airflow/dags/weather_pipeline_dag.py for tasks to queue
[2026-09-27T03:24:29.485+0000] {logging_mixin.py:188} INFO - [2026-09-27T03:24:29.485+0000] {dagbag.py:545} INFO - Filling up the DagBag from /opt/airflow/dags/weather_pipeline_dag.py
[2026-09-27T03:24:29.500+0000] {processor.py:840} INFO - DAG(s) 'weather_pipeline_colombia' retrieved from /opt/airflow/dags/weather_pipeline_dag.py
[2026-09-27T03:24:29.529+0000] {logging_mixin.py:188} INFO - [2026-09-27T03:24:29.529+0000] {dag.py:3096} INFO - Sync 1 DAGs
[2026-09-27T03:24:29.541+0000] {logging_mixin.py:188} INFO - [2026-09-27T03:24:29.541+0000] {dag.py:3954} INFO - Setting next_dagrun for weather_pipeline_colombia to None, run_after=None
[2026-09-27T03:24:29.559+0000] {processor.py:183} INFO - Processing /opt/airflow/dags/weather_pipeline_dag.py took 0.082 seconds
[2026-09-27T03:24:59.735+0000] {processor.py:161} INFO - Started process (PID=386) to work on /opt/airflow/dags/weather_pipeline_dag.py
[2026-09-27T03:24:59.736+0000] {processor.py:830} INFO - Processing file /opt/airflow/dags/weather_pipeline_dag.py for tasks to queue
[2026-09-27T03:24:59.738+0000] {logging_mixin.py:188} INFO - [2026-09-27T03:24:59.738+0000] {dagbag.py:545} INFO - Filling up the DagBag from /opt/airflow/dags/weather_pipeline_dag.py
[2026-09-27T03:24:59.755+0000] {processor.py:840} INFO - DAG(s) 'weather_pipeline_colombia' retrieved from /opt/airflow/dags/weather_pipeline_dag.py
[2026-09-27T03:24:59.789+0000] {logging_mixin.py:188} INFO - [2026-09-27T03:24:59.789+0000] {dag.py:3096} INFO - Sync 1 DAGs
[2026-09-27T03:24:59.802+0000] {logging_mixin.py:188} INFO - [2026-09-27T03:24:59.801+0000] {dag.py:3954} INFO - Setting next_dagrun for weather_pipeline_colombia to None, run_after=None
[2026-09-27T03:24:59.828+0000] {processor.py:183} INFO - Processing /opt/airflow/dags/weather_pipeline_dag.py took 0.098 seconds
[2026-09-27T03:25:29.955+0000] {processor.py:161} INFO - Started process (PID=397) to work on /opt/airflow/dags/weather_pipeline_dag.py
[2026-09-27T03:25:29.957+0000] {processor.py:830} INFO - Processing file /opt/airflow/dags/weather_pipeline_dag.py for tasks to queue
[2026-09-27T03:25:29.959+0000] {logging_mixin.py:188} INFO - [2026-09-27T03:25:29.959+0000] {dagbag.py:545} INFO - Filling up the DagBag from /opt/airflow/dags/weather_pipeline_dag.py
[2026-09-27T03:25:29.976+0000] {processor.py:840} INFO - DAG(s) 'weather_pipeline_colombia' retrieved from /opt/airflow/dags/weather_pipeline_dag.py
[2026-09-27T03:25:30.009+0000] {logging_mixin.py:188} INFO - [2026-09-27T03:25:30.008+0000] {dag.py:3096} INFO - Sync 1 DAGs
[2026-09-27T03:25:30.021+0000] {logging_mixin.py:188} INFO - [2026-09-27T03:25:30.021+0000] {dag.py:3954} INFO - Setting next_dagrun for weather_pipeline_colombia to None, run_after=None
[2026-09-27T03:25:30.046+0000] {processor.py:183} INFO - Processing /opt/airflow/dags/weather_pipeline_dag.py took 0.096 seconds
[2026-09-27T03:26:00.205+0000] {processor.py:161} INFO - Started process (PID=408) to work on /opt/airflow/dags/weather_pipeline_dag.py
[2026-09-27T03:26:00.206+0000] {processor.py:830} INFO - Processing file /opt/airflow/dags/weather_pipeline_dag.py for tasks to queue
[2026-09-27T03:26:00.208+0000] {logging_mixin.py:188} INFO - [2026-09-27T03:26:00.208+0000] {dagbag.py:545} INFO - Filling up the DagBag from /opt/airflow/dags/weather_pipeline_dag.py
[2026-09-27T03:26:00.224+0000] {processor.py:840} INFO - DAG(s) 'weather_pipeline_colombia' retrieved from /opt/airflow/dags/weather_pipeline_dag.py
[2026-09-27T03:26:00.254+0000] {logging_mixin.py:188} INFO - [2026-09-27T03:26:00.254+0000] {dag.py:3096} INFO - Sync 1 DAGs
[2026-09-27T03:26:00.268+0000] {logging_mixin.py:188} INFO - [2026-09-27T03:26:00.268+0000] {dag.py:3954} INFO - Setting next_dagrun for weather_pipeline_colombia to None, run_after=None
[2026-09-27T03:26:00.291+0000] {processor.py:183} INFO - Processing /opt/airflow/dags/weather_pipeline_dag.py took 0.091 seconds
[2026-09-27T03:26:30.447+0000] {processor.py:161} INFO - Started process (PID=419) to work on /opt/airflow/dags/weather_pipeline_dag.py
[2026-09-27T03:26:30.448+0000] {processor.py:830} INFO - Processing file /opt/airflow/dags/weather_pipeline_dag.py for tasks to queue
[2026-09-27T03:26:30.450+0000] {logging_mixin.py:188} INFO - [2026-09-27T03:26:30.450+0000] {dagbag.py:545} INFO - Filling up the DagBag from /opt/airflow/dags/weather_pipeline_dag.py
[2026-09-27T03:26:30.467+0000] {processor.py:840} INFO - DAG(s) 'weather_pipeline_colombia' retrieved from /opt/airflow/dags/weather_pipeline_dag.py
[2026-09-27T03:26:30.496+0000] {logging_mixin.py:188} INFO - [2026-09-27T03:26:30.496+0000] {dag.py:3096} INFO - Sync 1 DAGs
[2026-09-27T03:26:30.508+0000] {logging_mixin.py:188} INFO - [2026-09-27T03:26:30.508+0000] {dag.py:3954} INFO - Setting next_dagrun for weather_pipeline_colombia to None, run_after=None
[2026-09-27T03:26:30.534+0000] {processor.py:183} INFO - Processing /opt/airflow/dags/weather_pipeline_dag.py took 0.092 seconds
[2026-09-27T03:26:38.581+0000] {processor.py:161} INFO - Started process (PID=424) to work on /opt/airflow/dags/weather_pipeline_dag.py
[2026-09-27T03:26:38.582+0000] {processor.py:830} INFO - Processing file /opt/airflow/dags/weather_pipeline_dag.py for tasks to queue
[2026-09-27T03:26:38.584+0000] {logging_mixin.py:188} INFO - [2026-09-27T03:26:38.583+0000] {dagbag.py:545} INFO - Filling up the DagBag from /opt/airflow/dags/weather_pipeline_dag.py
[2026-09-27T03:26:38.616+0000] {processor.py:840} INFO - DAG(s) 'weather_pipeline_colombia' retrieved from /opt/airflow/dags/weather_pipeline_dag.py
[2026-09-27T03:26:38.788+0000] {logging_mixin.py:188} INFO - [2026-09-27T03:26:38.788+0000] {dag.py:3096} INFO - Sync 1 DAGs
[2026-09-27T03:26:38.798+0000] {logging_mixin.py:188} INFO - [2026-09-27T03:26:38.797+0000] {dag.py:3954} INFO - Setting next_dagrun for weather_pipeline_colombia to None, run_after=None
[2026-09-27T03:26:38.822+0000] {processor.py:183} INFO - Processing /opt/airflow/dags/weather_pipeline_dag.py took 0.247 seconds
[2026-09-27T03:27:09.010+0000] {processor.py:161} INFO - Started process (PID=436) to work on /opt/airflow/dags/weather_pipeline_dag.py
[2026-09-27T03:27:09.011+0000] {processor.py:830} INFO - Processing file /opt/airflow/dags/weather_pipeline_dag.py for tasks to queue
[2026-09-27T03:27:09.013+0000] {logging_mixin.py:188} INFO - [2026-09-27T03:27:09.013+0000] {dagbag.py:545} INFO - Filling up the DagBag from /opt/airflow/dags/weather_pipeline_dag.py
[2026-09-27T03:27:09.032+0000] {processor.py:840} INFO - DAG(s) 'weather_pipeline_colombia' retrieved from /opt/airflow/dags/weather_pipeline_dag.py
[2026-09-27T03:27:09.064+0000] {logging_mixin.py:188} INFO - [2026-09-27T03:27:09.064+0000] {dag.py:3096} INFO - Sync 1 DAGs
[2026-09-27T03:27:09.077+0000] {logging_mixin.py:188} INFO - [2026-09-27T03:27:09.077+0000] {dag.py:3954} INFO - Setting next_dagrun for weather_pipeline_colombia to None, run_after=None
[2026-09-27T03:27:09.094+0000] {processor.py:183} INFO - Processing /opt/airflow/dags/weather_pipeline_dag.py took 0.091 seconds
[2026-09-27T03:27:39.198+0000] {processor.py:161} INFO - Started process (PID=493) to work on /opt/airflow/dags/weather_pipeline_dag.py
[2026-09-27T03:27:39.199+0000] {processor.py:830} INFO - Processing file /opt/airflow/dags/weather_pipeline_dag.py for tasks to queue
[2026-09-27T03:27:39.202+0000] {logging_mixin.py:188} INFO - [2026-09-27T03:27:39.202+0000] {dagbag.py:545} INFO - Filling up the DagBag from /opt/airflow/dags/weather_pipeline_dag.py
[2026-09-27T03:27:39.221+0000] {processor.py:840} INFO - DAG(s) 'weather_pipeline_colombia' retrieved from /opt/airflow/dags/weather_pipeline_dag.py
[2026-09-27T03:27:39.255+0000] {logging_mixin.py:188} INFO - [2026-09-27T03:27:39.255+0000] {dag.py:3096} INFO - Sync 1 DAGs
[2026-09-27T03:27:39.269+0000] {logging_mixin.py:188} INFO - [2026-09-27T03:27:39.268+0000] {dag.py:3954} INFO - Setting next_dagrun for weather_pipeline_colombia to None, run_after=None
[2026-09-27T03:27:39.288+0000] {processor.py:183} INFO - Processing /opt/airflow/dags/weather_pipeline_dag.py took 0.097 seconds
[2026-09-27T03:28:09.471+0000] {processor.py:161} INFO - Started process (PID=504) to work on /opt/airflow/dags/weather_pipeline_dag.py
[2026-09-27T03:28:09.472+0000] {processor.py:830} INFO - Processing file /opt/airflow/dags/weather_pipeline_dag.py for tasks to queue
[2026-09-27T03:28:09.475+0000] {logging_mixin.py:188} INFO - [2026-09-27T03:28:09.474+0000] {dagbag.py:545} INFO - Filling up the DagBag from /opt/airflow/dags/weather_pipeline_dag.py
[2026-09-27T03:28:09.492+0000] {processor.py:840} INFO - DAG(s) 'weather_pipeline_colombia' retrieved from /opt/airflow/dags/weather_pipeline_dag.py
[2026-09-27T03:28:09.525+0000] {logging_mixin.py:188} INFO - [2026-09-27T03:28:09.525+0000] {dag.py:3096} INFO - Sync 1 DAGs
[2026-09-27T03:28:09.540+0000] {logging_mixin.py:188} INFO - [2026-09-27T03:28:09.539+0000] {dag.py:3954} INFO - Setting next_dagrun for weather_pipeline_colombia to None, run_after=None
[2026-09-27T03:28:09.558+0000] {processor.py:183} INFO - Processing /opt/airflow/dags/weather_pipeline_dag.py took 0.093 seconds
[2026-09-27T03:28:39.669+0000] {processor.py:161} INFO - Started process (PID=515) to work on /opt/airflow/dags/weather_pipeline_dag.py
[2026-09-27T03:28:39.670+0000] {processor.py:830} INFO - Processing file /opt/airflow/dags/weather_pipeline_dag.py for tasks to queue
[2026-09-27T03:28:39.672+0000] {logging_mixin.py:188} INFO - [2026-09-27T03:28:39.672+0000] {dagbag.py:545} INFO - Filling up the DagBag from /opt/airflow/dags/weather_pipeline_dag.py
[2026-09-27T03:28:39.687+0000] {processor.py:840} INFO - DAG(s) 'weather_pipeline_colombia' retrieved from /opt/airflow/dags/weather_pipeline_dag.py
[2026-09-27T03:28:39.713+0000] {logging_mixin.py:188} INFO - [2026-09-27T03:28:39.712+0000] {dag.py:3096} INFO - Sync 1 DAGs
[2026-09-27T03:28:39.724+0000] {logging_mixin.py:188} INFO - [2026-09-27T03:28:39.723+0000] {dag.py:3954} INFO - Setting next_dagrun for weather_pipeline_colombia to None, run_after=None
[2026-09-27T03:28:39.742+0000] {processor.py:183} INFO - Processing /opt/airflow/dags/weather_pipeline_dag.py took 0.078 seconds
[2026-09-27T03:29:09.961+0000] {processor.py:161} INFO - Started process (PID=526) to work on /opt/airflow/dags/weather_pipeline_dag.py
[2026-09-27T03:29:09.962+0000] {processor.py:830} INFO - Processing file /opt/airflow/dags/weather_pipeline_dag.py for tasks to queue
[2026-09-27T03:29:09.964+0000] {logging_mixin.py:188} INFO - [2026-09-27T03:29:09.964+0000] {dagbag.py:545} INFO - Filling up the DagBag from /opt/airflow/dags/weather_pipeline_dag.py
[2026-09-27T03:29:09.979+0000] {processor.py:840} INFO - DAG(s) 'weather_pipeline_colombia' retrieved from /opt/airflow/dags/weather_pipeline_dag.py
[2026-09-27T03:29:10.005+0000] {logging_mixin.py:188} INFO - [2026-09-27T03:29:10.005+0000] {dag.py:3096} INFO - Sync 1 DAGs
[2026-09-27T03:29:10.016+0000] {logging_mixin.py:188} INFO - [2026-09-27T03:29:10.016+0000] {dag.py:3954} INFO - Setting next_dagrun for weather_pipeline_colombia to None, run_after=None
[2026-09-27T03:29:10.039+0000] {processor.py:183} INFO - Processing /opt/airflow/dags/weather_pipeline_dag.py took 0.083 seconds
[2026-09-27T03:29:40.174+0000] {processor.py:161} INFO - Started process (PID=537) to work on /opt/airflow/dags/weather_pipeline_dag.py
[2026-09-27T03:29:40.175+0000] {processor.py:830} INFO - Processing file /opt/airflow/dags/weather_pipeline_dag.py for tasks to queue
[2026-09-27T03:29:40.178+0000] {logging_mixin.py:188} INFO - [2026-09-27T03:29:40.178+0000] {dagbag.py:545} INFO - Filling up the DagBag from /opt/airflow/dags/weather_pipeline_dag.py
[2026-09-27T03:29:40.194+0000] {processor.py:840} INFO - DAG(s) 'weather_pipeline_colombia' retrieved from /opt/airflow/dags/weather_pipeline_dag.py
[2026-09-27T03:29:40.225+0000] {logging_mixin.py:188} INFO - [2026-09-27T03:29:40.225+0000] {dag.py:3096} INFO - Sync 1 DAGs
[2026-09-27T03:29:40.238+0000] {logging_mixin.py:188} INFO - [2026-09-27T03:29:40.238+0000] {dag.py:3954} INFO - Setting next_dagrun for weather_pipeline_colombia to None, run_after=None
[2026-09-27T03:29:40.258+0000] {processor.py:183} INFO - Processing /opt/airflow/dags/weather_pipeline_dag.py took 0.090 seconds
[2026-09-27T03:30:10.443+0000] {processor.py:161} INFO - Started process (PID=548) to work on /opt/airflow/dags/weather_pipeline_dag.py
[2026-09-27T03:30:10.444+0000] {processor.py:830} INFO - Processing file /opt/airflow/dags/weather_pipeline_dag.py for tasks to queue
[2026-09-27T03:30:10.446+0000] {logging_mixin.py:188} INFO - [2026-09-27T03:30:10.446+0000] {dagbag.py:545} INFO - Filling up the DagBag from /opt/airflow/dags/weather_pipeline_dag.py
[2026-09-27T03:30:10.464+0000] {processor.py:840} INFO - DAG(s) 'weather_pipeline_colombia' retrieved from /opt/airflow/dags/weather_pipeline_dag.py
[2026-09-27T03:30:10.495+0000] {logging_mixin.py:188} INFO - [2026-09-27T03:30:10.495+0000] {dag.py:3096} INFO - Sync 1 DAGs
[2026-09-27T03:30:10.508+0000] {logging_mixin.py:188} INFO - [2026-09-27T03:30:10.508+0000] {dag.py:3954} INFO - Setting next_dagrun for weather_pipeline_colombia to None, run_after=None
[2026-09-27T03:30:10.529+0000] {processor.py:183} INFO - Processing /opt/airflow/dags/weather_pipeline_dag.py took 0.091 seconds
[2026-09-27T03:30:40.704+0000] {processor.py:161} INFO - Started process (PID=553) to work on /opt/airflow/dags/weather_pipeline_dag.py
[2026-09-27T03:30:40.706+0000] {processor.py:830} INFO - Processing file /opt/airflow/dags/weather_pipeline_dag.py for tasks to queue
[2026-09-27T03:30:40.709+0000] {logging_mixin.py:188} INFO - [2026-09-27T03:30:40.709+0000] {dagbag.py:545} INFO - Filling up the DagBag from /opt/airflow/dags/weather_pipeline_dag.py
[2026-09-27T03:30:40.737+0000] {processor.py:840} INFO - DAG(s) 'weather_pipeline_colombia' retrieved from /opt/airflow/dags/weather_pipeline_dag.py
[2026-09-27T03:30:40.795+0000] {logging_mixin.py:188} INFO - [2026-09-27T03:30:40.795+0000] {dag.py:3096} INFO - Sync 1 DAGs
[2026-09-27T03:30:40.816+0000] {logging_mixin.py:188} INFO - [2026-09-27T03:30:40.816+0000] {dag.py:3954} INFO - Setting next_dagrun for weather_pipeline_colombia to None, run_after=None
[2026-09-27T03:30:40.837+0000] {processor.py:183} INFO - Processing /opt/airflow/dags/weather_pipeline_dag.py took 0.144 seconds
[2026-09-27T03:31:10.913+0000] {processor.py:161} INFO - Started process (PID=564) to work on /opt/airflow/dags/weather_pipeline_dag.py
[2026-09-27T03:31:10.914+0000] {processor.py:830} INFO - Processing file /opt/airflow/dags/weather_pipeline_dag.py for tasks to queue
[2026-09-27T03:31:10.917+0000] {logging_mixin.py:188} INFO - [2026-09-27T03:31:10.916+0000] {dagbag.py:545} INFO - Filling up the DagBag from /opt/airflow/dags/weather_pipeline_dag.py
[2026-09-27T03:31:10.934+0000] {processor.py:840} INFO - DAG(s) 'weather_pipeline_colombia' retrieved from /opt/airflow/dags/weather_pipeline_dag.py
[2026-09-27T03:31:10.968+0000] {logging_mixin.py:188} INFO - [2026-09-27T03:31:10.968+0000] {dag.py:3096} INFO - Sync 1 DAGs
[2026-09-27T03:31:10.981+0000] {logging_mixin.py:188} INFO - [2026-09-27T03:31:10.981+0000] {dag.py:3954} INFO - Setting next_dagrun for weather_pipeline_colombia to None, run_after=None
[2026-09-27T03:31:11.003+0000] {processor.py:183} INFO - Processing /opt/airflow/dags/weather_pipeline_dag.py took 0.097 seconds
[2026-09-27T03:31:41.289+0000] {processor.py:161} INFO - Started process (PID=575) to work on /opt/airflow/dags/weather_pipeline_dag.py
[2026-09-27T03:31:41.290+0000] {processor.py:830} INFO - Processing file /opt/airflow/dags/weather_pipeline_dag.py for tasks to queue
[2026-09-27T03:31:41.294+0000] {logging_mixin.py:188} INFO - [2026-09-27T03:31:41.293+0000] {dagbag.py:545} INFO - Filling up the DagBag from /opt/airflow/dags/weather_pipeline_dag.py
[2026-09-27T03:31:41.318+0000] {processor.py:840} INFO - DAG(s) 'weather_pipeline_colombia' retrieved from /opt/airflow/dags/weather_pipeline_dag.py
[2026-09-27T03:31:41.349+0000] {logging_mixin.py:188} INFO - [2026-09-27T03:31:41.348+0000] {dag.py:3096} INFO - Sync 1 DAGs
[2026-09-27T03:31:41.362+0000] {logging_mixin.py:188} INFO - [2026-09-27T03:31:41.362+0000] {dag.py:3954} INFO - Setting next_dagrun for weather_pipeline_colombia to None, run_after=None
[2026-09-27T03:31:41.382+0000] {processor.py:183} INFO - Processing /opt/airflow/dags/weather_pipeline_dag.py took 0.100 seconds
[2026-09-27T03:32:11.547+0000] {processor.py:161} INFO - Started process (PID=586) to work on /opt/airflow/dags/weather_pipeline_dag.py
[2026-09-27T03:32:11.548+0000] {processor.py:830} INFO - Processing file /opt/airflow/dags/weather_pipeline_dag.py for tasks to queue
[2026-09-27T03:32:11.552+0000] {logging_mixin.py:188} INFO - [2026-09-27T03:32:11.551+0000] {dagbag.py:545} INFO - Filling up the DagBag from /opt/airflow/dags/weather_pipeline_dag.py
[2026-09-27T03:32:11.572+0000] {processor.py:840} INFO - DAG(s) 'weather_pipeline_colombia' retrieved from /opt/airflow/dags/weather_pipeline_dag.py
[2026-09-27T03:32:11.604+0000] {logging_mixin.py:188} INFO - [2026-09-27T03:32:11.603+0000] {dag.py:3096} INFO - Sync 1 DAGs
[2026-09-27T03:32:11.616+0000] {logging_mixin.py:188} INFO - [2026-09-27T03:32:11.616+0000] {dag.py:3954} INFO - Setting next_dagrun for weather_pipeline_colombia to None, run_after=None
[2026-09-27T03:32:11.637+0000] {processor.py:183} INFO - Processing /opt/airflow/dags/weather_pipeline_dag.py took 0.098 seconds
[2026-09-27T03:32:41.753+0000] {processor.py:161} INFO - Started process (PID=597) to work on /opt/airflow/dags/weather_pipeline_dag.py
[2026-09-27T03:32:41.754+0000] {processor.py:830} INFO - Processing file /opt/airflow/dags/weather_pipeline_dag.py for tasks to queue
[2026-09-27T03:32:41.756+0000] {logging_mixin.py:188} INFO - [2026-09-27T03:32:41.755+0000] {dagbag.py:545} INFO - Filling up the DagBag from /opt/airflow/dags/weather_pipeline_dag.py
[2026-09-27T03:32:41.773+0000] {processor.py:840} INFO - DAG(s) 'weather_pipeline_colombia' retrieved from /opt/airflow/dags/weather_pipeline_dag.py
[2026-09-27T03:32:41.807+0000] {logging_mixin.py:188} INFO - [2026-09-27T03:32:41.807+0000] {dag.py:3096} INFO - Sync 1 DAGs
[2026-09-27T03:32:41.819+0000] {logging_mixin.py:188} INFO - [2026-09-27T03:32:41.819+0000] {dag.py:3954} INFO - Setting next_dagrun for weather_pipeline_colombia to None, run_after=None
[2026-09-27T03:32:41.838+0000] {processor.py:183} INFO - Processing /opt/airflow/dags/weather_pipeline_dag.py took 0.091 seconds
[2026-09-27T03:33:12.031+0000] {processor.py:161} INFO - Started process (PID=608) to work on /opt/airflow/dags/weather_pipeline_dag.py
[2026-09-27T03:33:12.032+0000] {processor.py:830} INFO - Processing file /opt/airflow/dags/weather_pipeline_dag.py for tasks to queue
[2026-09-27T03:33:12.035+0000] {logging_mixin.py:188} INFO - [2026-09-27T03:33:12.034+0000] {dagbag.py:545} INFO - Filling up the DagBag from /opt/airflow/dags/weather_pipeline_dag.py
[2026-09-27T03:33:12.052+0000] {processor.py:840} INFO - DAG(s) 'weather_pipeline_colombia' retrieved from /opt/airflow/dags/weather_pipeline_dag.py
[2026-09-27T03:33:12.081+0000] {logging_mixin.py:188} INFO - [2026-09-27T03:33:12.081+0000] {dag.py:3096} INFO - Sync 1 DAGs
[2026-09-27T03:33:12.094+0000] {logging_mixin.py:188} INFO - [2026-09-27T03:33:12.093+0000] {dag.py:3954} INFO - Setting next_dagrun for weather_pipeline_colombia to None, run_after=None
[2026-09-27T03:33:12.119+0000] {processor.py:183} INFO - Processing /opt/airflow/dags/weather_pipeline_dag.py took 0.095 seconds
[2026-09-27T03:33:42.231+0000] {processor.py:161} INFO - Started process (PID=619) to work on /opt/airflow/dags/weather_pipeline_dag.py
[2026-09-27T03:33:42.232+0000] {processor.py:830} INFO - Processing file /opt/airflow/dags/weather_pipeline_dag.py for tasks to queue
[2026-09-27T03:33:42.234+0000] {logging_mixin.py:188} INFO - [2026-09-27T03:33:42.233+0000] {dagbag.py:545} INFO - Filling up the DagBag from /opt/airflow/dags/weather_pipeline_dag.py
[2026-09-27T03:33:42.249+0000] {processor.py:840} INFO - DAG(s) 'weather_pipeline_colombia' retrieved from /opt/airflow/dags/weather_pipeline_dag.py
[2026-09-27T03:33:42.277+0000] {logging_mixin.py:188} INFO - [2026-09-27T03:33:42.277+0000] {dag.py:3096} INFO - Sync 1 DAGs
[2026-09-27T03:33:42.289+0000] {logging_mixin.py:188} INFO - [2026-09-27T03:33:42.289+0000] {dag.py:3954} INFO - Setting next_dagrun for weather_pipeline_colombia to None, run_after=None
[2026-09-27T03:33:42.306+0000] {processor.py:183} INFO - Processing /opt/airflow/dags/weather_pipeline_dag.py took 0.080 seconds
[2026-09-27T03:34:12.491+0000] {processor.py:161} INFO - Started process (PID=630) to work on /opt/airflow/dags/weather_pipeline_dag.py
[2026-09-27T03:34:12.492+0000] {processor.py:830} INFO - Processing file /opt/airflow/dags/weather_pipeline_dag.py for tasks to queue
[2026-09-27T03:34:12.495+0000] {logging_mixin.py:188} INFO - [2026-09-27T03:34:12.494+0000] {dagbag.py:545} INFO - Filling up the DagBag from /opt/airflow/dags/weather_pipeline_dag.py
[2026-09-27T03:34:12.510+0000] {processor.py:840} INFO - DAG(s) 'weather_pipeline_colombia' retrieved from /opt/airflow/dags/weather_pipeline_dag.py
[2026-09-27T03:34:12.538+0000] {logging_mixin.py:188} INFO - [2026-09-27T03:34:12.538+0000] {dag.py:3096} INFO - Sync 1 DAGs
[2026-09-27T03:34:12.549+0000] {logging_mixin.py:188} INFO - [2026-09-27T03:34:12.549+0000] {dag.py:3954} INFO - Setting next_dagrun for weather_pipeline_colombia to None, run_after=None
[2026-09-27T03:34:12.572+0000] {processor.py:183} INFO - Processing /opt/airflow/dags/weather_pipeline_dag.py took 0.085 seconds
[2026-09-27T03:34:42.672+0000] {processor.py:161} INFO - Started process (PID=641) to work on /opt/airflow/dags/weather_pipeline_dag.py
[2026-09-27T03:34:42.673+0000] {processor.py:830} INFO - Processing file /opt/airflow/dags/weather_pipeline_dag.py for tasks to queue
[2026-09-27T03:34:42.676+0000] {logging_mixin.py:188} INFO - [2026-09-27T03:34:42.676+0000] {dagbag.py:545} INFO - Filling up the DagBag from /opt/airflow/dags/weather_pipeline_dag.py
[2026-09-27T03:34:42.695+0000] {processor.py:840} INFO - DAG(s) 'weather_pipeline_colombia' retrieved from /opt/airflow/dags/weather_pipeline_dag.py
[2026-09-27T03:34:42.726+0000] {logging_mixin.py:188} INFO - [2026-09-27T03:34:42.725+0000] {dag.py:3096} INFO - Sync 1 DAGs
[2026-09-27T03:34:42.738+0000] {logging_mixin.py:188} INFO - [2026-09-27T03:34:42.738+0000] {dag.py:3954} INFO - Setting next_dagrun for weather_pipeline_colombia to None, run_after=None
[2026-09-27T03:34:42.763+0000] {processor.py:183} INFO - Processing /opt/airflow/dags/weather_pipeline_dag.py took 0.098 seconds
[2026-09-27T03:35:12.941+0000] {processor.py:161} INFO - Started process (PID=652) to work on /opt/airflow/dags/weather_pipeline_dag.py
[2026-09-27T03:35:12.942+0000] {processor.py:830} INFO - Processing file /opt/airflow/dags/weather_pipeline_dag.py for tasks to queue
[2026-09-27T03:35:12.944+0000] {logging_mixin.py:188} INFO - [2026-09-27T03:35:12.944+0000] {dagbag.py:545} INFO - Filling up the DagBag from /opt/airflow/dags/weather_pipeline_dag.py
[2026-09-27T03:35:12.968+0000] {processor.py:840} INFO - DAG(s) 'weather_pipeline_colombia' retrieved from /opt/airflow/dags/weather_pipeline_dag.py
[2026-09-27T03:35:13.000+0000] {logging_mixin.py:188} INFO - [2026-09-27T03:35:13.000+0000] {dag.py:3096} INFO - Sync 1 DAGs
[2026-09-27T03:35:13.014+0000] {logging_mixin.py:188} INFO - [2026-09-27T03:35:13.013+0000] {dag.py:3954} INFO - Setting next_dagrun for weather_pipeline_colombia to None, run_after=None
[2026-09-27T03:35:13.039+0000] {processor.py:183} INFO - Processing /opt/airflow/dags/weather_pipeline_dag.py took 0.103 seconds
[2026-09-27T03:35:43.163+0000] {processor.py:161} INFO - Started process (PID=663) to work on /opt/airflow/dags/weather_pipeline_dag.py
[2026-09-27T03:35:43.165+0000] {processor.py:830} INFO - Processing file /opt/airflow/dags/weather_pipeline_dag.py for tasks to queue
[2026-09-27T03:35:43.168+0000] {logging_mixin.py:188} INFO - [2026-09-27T03:35:43.167+0000] {dagbag.py:545} INFO - Filling up the DagBag from /opt/airflow/dags/weather_pipeline_dag.py
[2026-09-27T03:35:43.190+0000] {processor.py:840} INFO - DAG(s) 'weather_pipeline_colombia' retrieved from /opt/airflow/dags/weather_pipeline_dag.py
[2026-09-27T03:35:43.226+0000] {logging_mixin.py:188} INFO - [2026-09-27T03:35:43.225+0000] {dag.py:3096} INFO - Sync 1 DAGs
[2026-09-27T03:35:43.241+0000] {logging_mixin.py:188} INFO - [2026-09-27T03:35:43.240+0000] {dag.py:3954} INFO - Setting next_dagrun for weather_pipeline_colombia to None, run_after=None
[2026-09-27T03:35:43.264+0000] {processor.py:183} INFO - Processing /opt/airflow/dags/weather_pipeline_dag.py took 0.108 seconds
[2026-09-27T03:36:13.451+0000] {processor.py:161} INFO - Started process (PID=674) to work on /opt/airflow/dags/weather_pipeline_dag.py
[2026-09-27T03:36:13.452+0000] {processor.py:830} INFO - Processing file /opt/airflow/dags/weather_pipeline_dag.py for tasks to queue
[2026-09-27T03:36:13.454+0000] {logging_mixin.py:188} INFO - [2026-09-27T03:36:13.454+0000] {dagbag.py:545} INFO - Filling up the DagBag from /opt/airflow/dags/weather_pipeline_dag.py
[2026-09-27T03:36:13.471+0000] {processor.py:840} INFO - DAG(s) 'weather_pipeline_colombia' retrieved from /opt/airflow/dags/weather_pipeline_dag.py
[2026-09-27T03:36:13.503+0000] {logging_mixin.py:188} INFO - [2026-09-27T03:36:13.503+0000] {dag.py:3096} INFO - Sync 1 DAGs
[2026-09-27T03:36:13.517+0000] {logging_mixin.py:188} INFO - [2026-09-27T03:36:13.516+0000] {dag.py:3954} INFO - Setting next_dagrun for weather_pipeline_colombia to None, run_after=None
[2026-09-27T03:36:13.541+0000] {processor.py:183} INFO - Processing /opt/airflow/dags/weather_pipeline_dag.py took 0.097 seconds
[2026-09-27T03:36:43.649+0000] {processor.py:161} INFO - Started process (PID=685) to work on /opt/airflow/dags/weather_pipeline_dag.py
[2026-09-27T03:36:43.650+0000] {processor.py:830} INFO - Processing file /opt/airflow/dags/weather_pipeline_dag.py for tasks to queue
[2026-09-27T03:36:43.651+0000] {logging_mixin.py:188} INFO - [2026-09-27T03:36:43.651+0000] {dagbag.py:545} INFO - Filling up the DagBag from /opt/airflow/dags/weather_pipeline_dag.py
[2026-09-27T03:36:43.667+0000] {processor.py:840} INFO - DAG(s) 'weather_pipeline_colombia' retrieved from /opt/airflow/dags/weather_pipeline_dag.py
[2026-09-27T03:36:43.695+0000] {logging_mixin.py:188} INFO - [2026-09-27T03:36:43.695+0000] {dag.py:3096} INFO - Sync 1 DAGs
[2026-09-27T03:36:43.707+0000] {logging_mixin.py:188} INFO - [2026-09-27T03:36:43.707+0000] {dag.py:3954} INFO - Setting next_dagrun for weather_pipeline_colombia to None, run_after=None
[2026-09-27T03:36:43.726+0000] {processor.py:183} INFO - Processing /opt/airflow/dags/weather_pipeline_dag.py took 0.083 seconds
[2026-09-27T03:37:13.927+0000] {processor.py:161} INFO - Started process (PID=696) to work on /opt/airflow/dags/weather_pipeline_dag.py
[2026-09-27T03:37:13.928+0000] {processor.py:830} INFO - Processing file /opt/airflow/dags/weather_pipeline_dag.py for tasks to queue
[2026-09-27T03:37:13.930+0000] {logging_mixin.py:188} INFO - [2026-09-27T03:37:13.930+0000] {dagbag.py:545} INFO - Filling up the DagBag from /opt/airflow/dags/weather_pipeline_dag.py
[2026-09-27T03:37:13.947+0000] {processor.py:840} INFO - DAG(s) 'weather_pipeline_colombia' retrieved from /opt/airflow/dags/weather_pipeline_dag.py
[2026-09-27T03:37:13.975+0000] {logging_mixin.py:188} INFO - [2026-09-27T03:37:13.974+0000] {dag.py:3096} INFO - Sync 1 DAGs
[2026-09-27T03:37:13.986+0000] {logging_mixin.py:188} INFO - [2026-09-27T03:37:13.986+0000] {dag.py:3954} INFO - Setting next_dagrun for weather_pipeline_colombia to None, run_after=None
[2026-09-27T03:37:14.013+0000] {processor.py:183} INFO - Processing /opt/airflow/dags/weather_pipeline_dag.py took 0.091 seconds
[2026-09-27T03:37:44.126+0000] {processor.py:161} INFO - Started process (PID=707) to work on /opt/airflow/dags/weather_pipeline_dag.py
[2026-09-27T03:37:44.127+0000] {processor.py:830} INFO - Processing file /opt/airflow/dags/weather_pipeline_dag.py for tasks to queue
[2026-09-27T03:37:44.129+0000] {logging_mixin.py:188} INFO - [2026-09-27T03:37:44.129+0000] {dagbag.py:545} INFO - Filling up the DagBag from /opt/airflow/dags/weather_pipeline_dag.py
[2026-09-27T03:37:44.145+0000] {processor.py:840} INFO - DAG(s) 'weather_pipeline_colombia' retrieved from /opt/airflow/dags/weather_pipeline_dag.py
[2026-09-27T03:37:44.174+0000] {logging_mixin.py:188} INFO - [2026-09-27T03:37:44.173+0000] {dag.py:3096} INFO - Sync 1 DAGs
[2026-09-27T03:37:44.186+0000] {logging_mixin.py:188} INFO - [2026-09-27T03:37:44.186+0000] {dag.py:3954} INFO - Setting next_dagrun for weather_pipeline_colombia to None, run_after=None
[2026-09-27T03:37:44.212+0000] {processor.py:183} INFO - Processing /opt/airflow/dags/weather_pipeline_dag.py took 0.091 seconds
[2026-09-27T03:38:14.416+0000] {processor.py:161} INFO - Started process (PID=718) to work on /opt/airflow/dags/weather_pipeline_dag.py
[2026-09-27T03:38:14.417+0000] {processor.py:830} INFO - Processing file /opt/airflow/dags/weather_pipeline_dag.py for tasks to queue
[2026-09-27T03:38:14.420+0000] {logging_mixin.py:188} INFO - [2026-09-27T03:38:14.420+0000] {dagbag.py:545} INFO - Filling up the DagBag from /opt/airflow/dags/weather_pipeline_dag.py
[2026-09-27T03:38:14.441+0000] {processor.py:840} INFO - DAG(s) 'weather_pipeline_colombia' retrieved from /opt/airflow/dags/weather_pipeline_dag.py
[2026-09-27T03:38:14.474+0000] {logging_mixin.py:188} INFO - [2026-09-27T03:38:14.474+0000] {dag.py:3096} INFO - Sync 1 DAGs
[2026-09-27T03:38:14.487+0000] {logging_mixin.py:188} INFO - [2026-09-27T03:38:14.487+0000] {dag.py:3954} INFO - Setting next_dagrun for weather_pipeline_colombia to None, run_after=None
[2026-09-27T03:38:14.508+0000] {processor.py:183} INFO - Processing /opt/airflow/dags/weather_pipeline_dag.py took 0.099 seconds
[2026-09-27T03:38:44.623+0000] {processor.py:161} INFO - Started process (PID=729) to work on /opt/airflow/dags/weather_pipeline_dag.py
[2026-09-27T03:38:44.625+0000] {processor.py:830} INFO - Processing file /opt/airflow/dags/weather_pipeline_dag.py for tasks to queue
[2026-09-27T03:38:44.627+0000] {logging_mixin.py:188} INFO - [2026-09-27T03:38:44.627+0000] {dagbag.py:545} INFO - Filling up the DagBag from /opt/airflow/dags/weather_pipeline_dag.py
[2026-09-27T03:38:44.647+0000] {processor.py:840} INFO - DAG(s) 'weather_pipeline_colombia' retrieved from /opt/airflow/dags/weather_pipeline_dag.py
[2026-09-27T03:38:44.691+0000] {logging_mixin.py:188} INFO - [2026-09-27T03:38:44.691+0000] {dag.py:3096} INFO - Sync 1 DAGs
[2026-09-27T03:38:44.705+0000] {logging_mixin.py:188} INFO - [2026-09-27T03:38:44.705+0000] {dag.py:3954} INFO - Setting next_dagrun for weather_pipeline_colombia to None, run_after=None
[2026-09-27T03:38:44.730+0000] {processor.py:183} INFO - Processing /opt/airflow/dags/weather_pipeline_dag.py took 0.113 seconds
[2026-09-27T03:39:14.895+0000] {processor.py:161} INFO - Started process (PID=740) to work on /opt/airflow/dags/weather_pipeline_dag.py
[2026-09-27T03:39:14.896+0000] {processor.py:830} INFO - Processing file /opt/airflow/dags/weather_pipeline_dag.py for tasks to queue
[2026-09-27T03:39:14.898+0000] {logging_mixin.py:188} INFO - [2026-09-27T03:39:14.898+0000] {dagbag.py:545} INFO - Filling up the DagBag from /opt/airflow/dags/weather_pipeline_dag.py
[2026-09-27T03:39:14.915+0000] {processor.py:840} INFO - DAG(s) 'weather_pipeline_colombia' retrieved from /opt/airflow/dags/weather_pipeline_dag.py
[2026-09-27T03:39:14.944+0000] {logging_mixin.py:188} INFO - [2026-09-27T03:39:14.944+0000] {dag.py:3096} INFO - Sync 1 DAGs
[2026-09-27T03:39:14.957+0000] {logging_mixin.py:188} INFO - [2026-09-27T03:39:14.957+0000] {dag.py:3954} INFO - Setting next_dagrun for weather_pipeline_colombia to None, run_after=None
[2026-09-27T03:39:14.976+0000] {processor.py:183} INFO - Processing /opt/airflow/dags/weather_pipeline_dag.py took 0.087 seconds
[2026-09-27T03:39:45.158+0000] {processor.py:161} INFO - Started process (PID=745) to work on /opt/airflow/dags/weather_pipeline_dag.py
[2026-09-27T03:39:45.159+0000] {processor.py:830} INFO - Processing file /opt/airflow/dags/weather_pipeline_dag.py for tasks to queue
[2026-09-27T03:39:45.162+0000] {logging_mixin.py:188} INFO - [2026-09-27T03:39:45.161+0000] {dagbag.py:545} INFO - Filling up the DagBag from /opt/airflow/dags/weather_pipeline_dag.py
[2026-09-27T03:39:45.179+0000] {processor.py:840} INFO - DAG(s) 'weather_pipeline_colombia' retrieved from /opt/airflow/dags/weather_pipeline_dag.py
[2026-09-27T03:39:45.214+0000] {logging_mixin.py:188} INFO - [2026-09-27T03:39:45.214+0000] {dag.py:3096} INFO - Sync 1 DAGs
[2026-09-27T03:39:45.227+0000] {logging_mixin.py:188} INFO - [2026-09-27T03:39:45.227+0000] {dag.py:3954} INFO - Setting next_dagrun for weather_pipeline_colombia to None, run_after=None
[2026-09-27T03:39:45.244+0000] {processor.py:183} INFO - Processing /opt/airflow/dags/weather_pipeline_dag.py took 0.092 seconds
[2026-09-27T03:40:15.375+0000] {processor.py:161} INFO - Started process (PID=756) to work on /opt/airflow/dags/weather_pipeline_dag.py
[2026-09-27T03:40:15.377+0000] {processor.py:830} INFO - Processing file /opt/airflow/dags/weather_pipeline_dag.py for tasks to queue
[2026-09-27T03:40:15.379+0000] {logging_mixin.py:188} INFO - [2026-09-27T03:40:15.378+0000] {dagbag.py:545} INFO - Filling up the DagBag from /opt/airflow/dags/weather_pipeline_dag.py
[2026-09-27T03:40:15.395+0000] {processor.py:840} INFO - DAG(s) 'weather_pipeline_colombia' retrieved from /opt/airflow/dags/weather_pipeline_dag.py
[2026-09-27T03:40:15.426+0000] {logging_mixin.py:188} INFO - [2026-09-27T03:40:15.426+0000] {dag.py:3096} INFO - Sync 1 DAGs
[2026-09-27T03:40:15.439+0000] {logging_mixin.py:188} INFO - [2026-09-27T03:40:15.438+0000] {dag.py:3954} INFO - Setting next_dagrun for weather_pipeline_colombia to None, run_after=None
[2026-09-27T03:40:15.463+0000] {processor.py:183} INFO - Processing /opt/airflow/dags/weather_pipeline_dag.py took 0.094 seconds
[2026-09-27T03:40:45.697+0000] {processor.py:161} INFO - Started process (PID=768) to work on /opt/airflow/dags/weather_pipeline_dag.py
[2026-09-27T03:40:45.698+0000] {processor.py:830} INFO - Processing file /opt/airflow/dags/weather_pipeline_dag.py for tasks to queue
[2026-09-27T03:40:45.701+0000] {logging_mixin.py:188} INFO - [2026-09-27T03:40:45.700+0000] {dagbag.py:545} INFO - Filling up the DagBag from /opt/airflow/dags/weather_pipeline_dag.py
[2026-09-27T03:40:45.718+0000] {processor.py:840} INFO - DAG(s) 'weather_pipeline_colombia' retrieved from /opt/airflow/dags/weather_pipeline_dag.py
[2026-09-27T03:40:45.751+0000] {logging_mixin.py:188} INFO - [2026-09-27T03:40:45.751+0000] {dag.py:3096} INFO - Sync 1 DAGs
[2026-09-27T03:40:45.772+0000] {logging_mixin.py:188} INFO - [2026-09-27T03:40:45.772+0000] {dag.py:3954} INFO - Setting next_dagrun for weather_pipeline_colombia to None, run_after=None
[2026-09-27T03:40:45.813+0000] {processor.py:183} INFO - Processing /opt/airflow/dags/weather_pipeline_dag.py took 0.122 seconds
[2026-09-27T03:41:15.902+0000] {processor.py:161} INFO - Started process (PID=779) to work on /opt/airflow/dags/weather_pipeline_dag.py
[2026-09-27T03:41:15.904+0000] {processor.py:830} INFO - Processing file /opt/airflow/dags/weather_pipeline_dag.py for tasks to queue
[2026-09-27T03:41:15.909+0000] {logging_mixin.py:188} INFO - [2026-09-27T03:41:15.908+0000] {dagbag.py:545} INFO - Filling up the DagBag from /opt/airflow/dags/weather_pipeline_dag.py
[2026-09-27T03:41:15.933+0000] {processor.py:840} INFO - DAG(s) 'weather_pipeline_colombia' retrieved from /opt/airflow/dags/weather_pipeline_dag.py
[2026-09-27T03:41:15.984+0000] {logging_mixin.py:188} INFO - [2026-09-27T03:41:15.984+0000] {dag.py:3096} INFO - Sync 1 DAGs
[2026-09-27T03:41:15.999+0000] {logging_mixin.py:188} INFO - [2026-09-27T03:41:15.999+0000] {dag.py:3954} INFO - Setting next_dagrun for weather_pipeline_colombia to None, run_after=None
[2026-09-27T03:41:16.017+0000] {processor.py:183} INFO - Processing /opt/airflow/dags/weather_pipeline_dag.py took 0.126 seconds
[2026-09-27T03:41:46.217+0000] {processor.py:161} INFO - Started process (PID=790) to work on /opt/airflow/dags/weather_pipeline_dag.py
[2026-09-27T03:41:46.218+0000] {processor.py:830} INFO - Processing file /opt/airflow/dags/weather_pipeline_dag.py for tasks to queue
[2026-09-27T03:41:46.221+0000] {logging_mixin.py:188} INFO - [2026-09-27T03:41:46.221+0000] {dagbag.py:545} INFO - Filling up the DagBag from /opt/airflow/dags/weather_pipeline_dag.py
[2026-09-27T03:41:46.240+0000] {processor.py:840} INFO - DAG(s) 'weather_pipeline_colombia' retrieved from /opt/airflow/dags/weather_pipeline_dag.py
[2026-09-27T03:41:46.268+0000] {logging_mixin.py:188} INFO - [2026-09-27T03:41:46.268+0000] {dag.py:3096} INFO - Sync 1 DAGs
[2026-09-27T03:41:46.281+0000] {logging_mixin.py:188} INFO - [2026-09-27T03:41:46.281+0000] {dag.py:3954} INFO - Setting next_dagrun for weather_pipeline_colombia to None, run_after=None
[2026-09-27T03:41:46.299+0000] {processor.py:183} INFO - Processing /opt/airflow/dags/weather_pipeline_dag.py took 0.091 seconds
[2026-09-27T03:42:16.410+0000] {processor.py:161} INFO - Started process (PID=801) to work on /opt/airflow/dags/weather_pipeline_dag.py
[2026-09-27T03:42:16.412+0000] {processor.py:830} INFO - Processing file /opt/airflow/dags/weather_pipeline_dag.py for tasks to queue
[2026-09-27T03:42:16.414+0000] {logging_mixin.py:188} INFO - [2026-09-27T03:42:16.413+0000] {dagbag.py:545} INFO - Filling up the DagBag from /opt/airflow/dags/weather_pipeline_dag.py
[2026-09-27T03:42:16.431+0000] {processor.py:840} INFO - DAG(s) 'weather_pipeline_colombia' retrieved from /opt/airflow/dags/weather_pipeline_dag.py
[2026-09-27T03:42:16.461+0000] {logging_mixin.py:188} INFO - [2026-09-27T03:42:16.461+0000] {dag.py:3096} INFO - Sync 1 DAGs
[2026-09-27T03:42:16.475+0000] {logging_mixin.py:188} INFO - [2026-09-27T03:42:16.475+0000] {dag.py:3954} INFO - Setting next_dagrun for weather_pipeline_colombia to None, run_after=None
[2026-09-27T03:42:16.491+0000] {processor.py:183} INFO - Processing /opt/airflow/dags/weather_pipeline_dag.py took 0.087 seconds
[2026-09-27T03:42:46.679+0000] {processor.py:161} INFO - Started process (PID=812) to work on /opt/airflow/dags/weather_pipeline_dag.py
[2026-09-27T03:42:46.680+0000] {processor.py:830} INFO - Processing file /opt/airflow/dags/weather_pipeline_dag.py for tasks to queue
[2026-09-27T03:42:46.683+0000] {logging_mixin.py:188} INFO - [2026-09-27T03:42:46.682+0000] {dagbag.py:545} INFO - Filling up the DagBag from /opt/airflow/dags/weather_pipeline_dag.py
[2026-09-27T03:42:46.699+0000] {processor.py:840} INFO - DAG(s) 'weather_pipeline_colombia' retrieved from /opt/airflow/dags/weather_pipeline_dag.py
[2026-09-27T03:42:46.727+0000] {logging_mixin.py:188} INFO - [2026-09-27T03:42:46.727+0000] {dag.py:3096} INFO - Sync 1 DAGs
[2026-09-27T03:42:46.739+0000] {logging_mixin.py:188} INFO - [2026-09-27T03:42:46.739+0000] {dag.py:3954} INFO - Setting next_dagrun for weather_pipeline_colombia to None, run_after=None
[2026-09-27T03:42:46.762+0000] {processor.py:183} INFO - Processing /opt/airflow/dags/weather_pipeline_dag.py took 0.089 seconds
[2026-09-27T03:43:16.900+0000] {processor.py:161} INFO - Started process (PID=823) to work on /opt/airflow/dags/weather_pipeline_dag.py
[2026-09-27T03:43:16.902+0000] {processor.py:830} INFO - Processing file /opt/airflow/dags/weather_pipeline_dag.py for tasks to queue
[2026-09-27T03:43:16.904+0000] {logging_mixin.py:188} INFO - [2026-09-27T03:43:16.904+0000] {dagbag.py:545} INFO - Filling up the DagBag from /opt/airflow/dags/weather_pipeline_dag.py
[2026-09-27T03:43:16.922+0000] {processor.py:840} INFO - DAG(s) 'weather_pipeline_colombia' retrieved from /opt/airflow/dags/weather_pipeline_dag.py
[2026-09-27T03:43:16.953+0000] {logging_mixin.py:188} INFO - [2026-09-27T03:43:16.953+0000] {dag.py:3096} INFO - Sync 1 DAGs
[2026-09-27T03:43:16.965+0000] {logging_mixin.py:188} INFO - [2026-09-27T03:43:16.964+0000] {dag.py:3954} INFO - Setting next_dagrun for weather_pipeline_colombia to None, run_after=None
[2026-09-27T03:43:16.985+0000] {processor.py:183} INFO - Processing /opt/airflow/dags/weather_pipeline_dag.py took 0.091 seconds
